components/AvaliacaoModule.tsx(396,40): error TS2339: Property 'name' does not exist on type '{ nome: string; sexo?: string | undefined; data_nascimento?: string | undefined; }'.
components/AvaliacaoModule.tsx(463,51): error TS2339: Property 'name' does not exist on type '{ nome: string; sexo?: string | undefined; data_nascimento?: string | undefined; }'.
components/ChartWrapper.tsx(65,11): error TS2769: No overload matches this call.
  The last overload gave the following error.
    Object literal may only specify known properties, and 'width' does not exist in type 'Partial<unknown> & Attributes'.
components/FinanceiroModule.tsx(91,103): error TS2339: Property 'boletos' does not exist on type 'Student'.
components/FinanceiroModule.tsx(608,36): error TS2339: Property 'boletos' does not exist on type 'Student'.
components/FinanceiroModule.tsx(608,48): error TS7006: Parameter 'b' implicitly has an 'any' type.
